// Jest Snapshot v1, https://goo.gl/fbAQLP

exports[`<Search /> should render the search 1`] = `
.c0 {
  background-color: #1C77C6;
  height: 100vh;
  overflow: hidden;
  padding: 2.4rem;
  padding-bottom: 0;
  display: grid;
  grid-template-rows: 60px auto minmax(10px,60px);
}

.c1 {
  position: relative;
  width: 100%;
}

.c2 {
  font-size: 1.5rem;
  font-weight: regular;
  font-family: 'Poppins',-apple-system,BlinkMacSystemFont,'Segoe UI',Roboto,Oxygen,Ubuntu,Cantarell,'Open Sans','Helvetica Neue',sans-serif;
  width: 100%;
  background: transparent;
  color: #FFFFFF;
  border: none;
  border-bottom: 2px solid white;
  padding: 0.8rem;
  padding-left: 0;
  outline: none;
}

.c3 {
  font-size: 1.8rem;
  color: #FFFFFF;
  height: 80vh;
  overflow-x: hidden;
  overflow-y: auto;
}

.c3 div {
  padding-right: 1.6rem;
  padding-bottom: 1.6rem;
  margin-bottom: 2.4rem;
  border-bottom: 1px solid #439FEF;
}

.c3 b {
  color: #0AF9B5;
}

.c3 span {
  font-weight: 700;
  font-size: 1.3rem;
}

.c3 h3 {
  font-weight: 700;
  font-size: 1.5rem;
}

.c3 p {
  font-weight: regular;
  font-size: 1.3rem;
}

@media (min-width:768px) {
  .c0 {
    grid-template-rows: 100px auto minmax(10px,60px);
    padding: 14rem;
  }
}

@media (min-width:768px) {
  .c2 {
    height: 42px;
    font-size: 4.0rem;
    padding: 3.2rem;
    padding-left: 0;
  }
}

@media (min-width:768px) {
  .c3 div {
    padding-right: 0;
  }

  .c3 span {
    font-weight: 700;
    font-size: 1.5rem;
  }

  .c3 h3 {
    font-weight: 700;
    font-size: 1.8rem;
  }

  .c3 p {
    font-weight: regular;
    font-size: 1.8rem;
  }
}

<main
  class="c0"
>
  <div
    class="c1"
  >
    <input
      aria-label="search"
      class="c2"
      placeholder="Busque por podcast ou tema"
      type="text"
    />
  </div>
  <div
    class="c3"
  >
    <div>
      <span>
        <b>
          Radiofonias
        </b>
         Internéticas
      </span>
      <h3>
        <b>
          Radiofonias
        </b>
         Internéticas - S1 E1
      </h3>
      <p>
        Nosso primeiro episódio é conduzido pela @heloisapr que nos leva a um papo com Aline Valek, escritora, contadora de histórias e podcaster do Bobagens Imperdíveis. Prepara o fone, clica no link da nossa bio e se jogue nessa escuta! O Radiofonias é um lugar de experimento, escuta & de ideias.
      </p>
    </div>
    <div>
      <span>
        <b>
          Radiofonias
        </b>
         Internéticas
      </span>
      <h3>
        <b>
          Radiofonias
        </b>
         Internéticas - S1 E1
      </h3>
      <p>
        Nosso primeiro episódio é conduzido pela @heloisapr que nos leva a um papo com Aline Valek, escritora, contadora de histórias e podcaster do Bobagens Imperdíveis. Prepara o fone, clica no link da nossa bio e se jogue nessa escuta! O Radiofonias é um lugar de experimento, escuta & de ideias.
      </p>
    </div>
  </div>
</main>
`
