// Jest Snapshot v1, https://goo.gl/fbAQLP

exports[`<Footer /> should render 2 logos and 2 column topics 1`] = `
.c5 {
  display: none;
}

.c6 {
  display: none;
}

.c4 {
  color: #FFFFFF;
  width: 14.4rem;
  height: 15.9rem;
}

.c8 {
  color: #FFFFFF;
  font-size: 1.5rem;
}

.c9 {
  display: inline-block;
  vertical-align: middle;
  overflow: hidden;
}

.c0 {
  position: relative;
  background: #29292B;
  margin-top: 7rem;
  padding-top: 7rem;
}

.c0 .c7 {
  height: 0px;
  opacity: 0;
}

.c0::before {
  content: '';
  display: block;
  position: absolute;
  top: -6rem;
  left: 0;
  width: 100%;
  height: 6rem;
  background-position: bottom;
  background-image: url('data:image/svg+xml,%3Csvg xmlns="http://www.w3.org/2000/svg" fill="none" viewBox="0 0 160 120"%3E%3Cpath fill="%2329292B" d="M10 90H5v30h5V90zM80 90h-5v30h5V90zM90 55h-5v65h5V55zM100 30h-5v90h5V30zM110 105h-5v15h5v-15zM30 80h-5v40h5V80zM40 70h-5v50h5V70zM50 40h-5v80h5V40zM60 15h-5v105h5V15zM140 20.3h-5V120h5V20.3zM70 60h-5v60h5V60zM150 60h-5v60h5V60zM20 35h-5v85h5V35zM10 50H5v5h5v-5zM110 95h-5v5h5v-5zM20 20h-5v5h5v-5zM50.2002 24.8h-5v5h5v-5zM80 50h-5v5h5v-5zM90 35h-5v5h5v-5zM150 40h-5v5h5v-5zM140 5h-5v5h5V5zM60 0h-5v5h5V0zM40 50.2h-5v10h5v-10zM160 70h-5v50h5V70zM160 50h-5v10h5V50zM130 70h-5v50h5V70zM130 35h-5v10h5V35zM70 35h-5v10h5V35zM80 65h-5v10h5V65zM120 90h-5v30h5V90zM120 50h-5v5h5v-5zM120 65h-5v10h5V65z"/%3E%3C/svg%3E');
}

.c0::after {
  content: '';
  display: block;
  position: absolute;
  top: 0;
  left: 0;
  width: 100%;
  height: 6rem;
  background-image: url("data:image/svg+xml,%3Csvg xmlns='http://www.w3.org/2000/svg' fill='none' viewBox='0 0 160 120'%3E%3Cpath fill='%23FFFFFF' d='M10 90H5v30h5V90zM80 90h-5v30h5V90zM90 55h-5v65h5V55zM100 30h-5v90h5V30zM110 105h-5v15h5v-15zM30 80h-5v40h5V80zM40 70h-5v50h5V70zM50 40h-5v80h5V40zM60 15h-5v105h5V15zM140 20.3h-5V120h5V20.3zM70 60h-5v60h5V60zM150 60h-5v60h5V60zM20 35h-5v85h5V35zM10 50H5v5h5v-5zM110 95h-5v5h5v-5zM20 20h-5v5h5v-5zM50.2002 24.8h-5v5h5v-5zM80 50h-5v5h5v-5zM90 35h-5v5h5v-5zM150 40h-5v5h5v-5zM140 5h-5v5h5V5zM60 0h-5v5h5V0zM40 50.2h-5v10h5v-10zM160 70h-5v50h5V70zM160 50h-5v10h5V50zM130 70h-5v50h5V70zM130 35h-5v10h5V35zM70 35h-5v10h5V35zM80 65h-5v10h5V65zM120 90h-5v30h5V90zM120 50h-5v5h5v-5zM120 65h-5v10h5V65z'/%3E%3C/svg%3E");
  -webkit-transform: rotate(180deg);
  -ms-transform: rotate(180deg);
  transform: rotate(180deg);
}

.c1 {
  max-width: 99rem;
  margin: 0 auto;
  padding: 3.2rem 0;
}

.c2 a,
.c2 span {
  display: block;
  color: #FFFFFF;
  -webkit-text-decoration: none;
  text-decoration: none;
  font-size: 1.5rem;
  font-weight: 700;
}

.c2 a {
  word-wrap: break-word;
  overflow-wrap: break-word;
}

.c2 a:hover {
  -webkit-text-decoration: underline;
  text-decoration: underline;
}

.c2 span {
  font-size: 1.8rem;
  font-weight: 300;
}

.c2 #social-media {
  display: -webkit-box;
  display: -webkit-flex;
  display: -ms-flexbox;
  display: flex;
  margin-bottom: 0.8rem;
}

.c2 #social-media a {
  margin-right: 0.8rem;
}

.c2 #social-media a > svg {
  width: 2.2rem;
}

@media (max-width:768px) {
  .c5 {
    display: block;
  }
}

@media (min-width:768px) {
  .c6 {
    display: block;
  }
}

@media (max-width:768px) {
  .c4 {
    width: 8.5rem;
    height: 3.8rem;
  }
}

@media (min-width:768px) {
  .c0 {
    padding: 14rem;
  }

  .c0::before {
    top: -12rem;
    height: 12rem;
    background-image: url('data:image/svg+xml,%3Csvg xmlns="http://www.w3.org/2000/svg" fill="none" viewBox="0 0 160 120"%3E%3Cpath fill="%2329292B" d="M10 90H5v30h5V90zM80 90h-5v30h5V90zM90 55h-5v65h5V55zM100 30h-5v90h5V30zM110 105h-5v15h5v-15zM30 80h-5v40h5V80zM40 70h-5v50h5V70zM50 40h-5v80h5V40zM60 15h-5v105h5V15zM140 20.3h-5V120h5V20.3zM70 60h-5v60h5V60zM150 60h-5v60h5V60zM20 35h-5v85h5V35zM10 50H5v5h5v-5zM110 95h-5v5h5v-5zM20 20h-5v5h5v-5zM50.2002 24.8h-5v5h5v-5zM80 50h-5v5h5v-5zM90 35h-5v5h5v-5zM150 40h-5v5h5v-5zM140 5h-5v5h5V5zM60 0h-5v5h5V0zM40 50.2h-5v10h5v-10zM160 70h-5v50h5V70zM160 50h-5v10h5V50zM130 70h-5v50h5V70zM130 35h-5v10h5V35zM70 35h-5v10h5V35zM80 65h-5v10h5V65zM120 90h-5v30h5V90zM120 50h-5v5h5v-5zM120 65h-5v10h5V65z"/%3E%3C/svg%3E');
  }

  .c0::after {
    height: 12rem;
    background-image: url("data:image/svg+xml,%3Csvg xmlns='http://www.w3.org/2000/svg' fill='none' viewBox='0 0 160 120'%3E%3Cpath fill='%23FFFFFF' d='M10 90H5v30h5V90zM80 90h-5v30h5V90zM90 55h-5v65h5V55zM100 30h-5v90h5V30zM110 105h-5v15h5v-15zM30 80h-5v40h5V80zM40 70h-5v50h5V70zM50 40h-5v80h5V40zM60 15h-5v105h5V15zM140 20.3h-5V120h5V20.3zM70 60h-5v60h5V60zM150 60h-5v60h5V60zM20 35h-5v85h5V35zM10 50H5v5h5v-5zM110 95h-5v5h5v-5zM20 20h-5v5h5v-5zM50.2002 24.8h-5v5h5v-5zM80 50h-5v5h5v-5zM90 35h-5v5h5v-5zM150 40h-5v5h5v-5zM140 5h-5v5h5V5zM60 0h-5v5h5V0zM40 50.2h-5v10h5v-10zM160 70h-5v50h5V70zM160 50h-5v10h5V50zM130 70h-5v50h5V70zM130 35h-5v10h5V35zM70 35h-5v10h5V35zM80 65h-5v10h5V65zM120 90h-5v30h5V90zM120 50h-5v5h5v-5zM120 65h-5v10h5V65z'/%3E%3C/svg%3E");
    background-position: 0rem 0rem;
  }
}

@media (min-width:768px) {
  .c1 {
    display: grid;
    grid-template-columns: repeat(3,1fr);
    gap: 2.4rem;
    margin-top: 3.2rem;
  }
}

@media (max-width:768px) {
  .c3 {
    display: -webkit-box;
    display: -webkit-flex;
    display: -ms-flexbox;
    display: flex;
    -webkit-box-pack: center;
    -webkit-justify-content: center;
    -ms-flex-pack: center;
    justify-content: center;
  }

  .c3 div {
    width: 18rem;
    height: 4.66rem;
  }
}

@media (min-width:768px) {
  .c2 a,
  .c2 span {
    font-size: 1.8rem;
    font-weight: 700;
  }
}

@media (max-width:768px) {
  .c2 {
    margin-bottom: 3.2rem;
    -webkit-box-pack: center;
    -webkit-justify-content: center;
    -ms-flex-pack: center;
    justify-content: center;
    text-align: center;
  }

  .c2 span {
    font-size: 1.3rem;
    font-weight: 300;
  }
}

@media (max-width:768px) {
  .c2 #social-media {
    -webkit-box-pack: center;
    -webkit-justify-content: center;
    -ms-flex-pack: center;
    justify-content: center;
  }
}

<footer
  class="c0"
>
  <div
    class="c1"
  >
    <div
      aria-labelledby="logo"
      class="c2"
    >
      <div
        class="c3"
      >
        <div
          class="c4"
          color="white"
        >
          <div
            class="c5"
          >
            <svg
              aria-label="A Nossa Casa de Podcasts"
              fill="none"
              role="img"
              viewBox="0 0 305 79"
              xmlns="http://www.w3.org/2000/svg"
            >
              <path
                d="M289.388 76.993c-1.502-1.3381-2.253-3.4009-2.2-6.0769h4.668c0 1.115.322 2.007.966 2.5645.643.6133 1.609.892 2.789.892.966 0 1.771-.1672 2.361-.5017.59-.3345.858-.8363.858-1.5611 0-.5575-.268-1.0035-.858-1.2265-.59-.2787-1.18-.446-1.717-.5575-.59-.1115-.912-.1673-1.073-.1673-1.448-.2787-2.736-.669-3.809-1.0592-1.073-.4461-1.931-1.0593-2.682-1.9513-.698-.8921-1.073-2.0071-1.073-3.4566 0-1.3938.375-2.6204 1.073-3.6239.697-1.0035 1.663-1.7283 2.897-2.23 1.18-.5018 2.521-.7248 3.97-.7248 1.717 0 3.219.3345 4.506 1.0035 1.288.669 2.254 1.6726 2.951 3.0663.376.6691.59 1.2823.644 1.8956.053.6133.107 1.1708.107 1.784h-4.667c0-1.0592-.269-1.8398-.805-2.3415-.537-.5018-1.395-.7805-2.575-.7805-.912 0-1.663.1672-2.146.5017-.537.3345-.751.7805-.751 1.3381 0 .6132.321 1.115 1.019 1.3937.697.2788 1.556.5576 2.575.7806 1.717.3345 3.058.669 4.024 1.0035.966.3345 1.77.892 2.468 1.7283.697.8363 1.073 2.007 1.073 3.5123 0 1.3938-.376 2.6204-1.127 3.6796-.751 1.0036-1.77 1.7841-3.004 2.3416-1.234.5575-2.575.8363-4.024.8363-2.843-.0558-4.989-.7248-6.438-2.0628zM276.727 78.8328V62.8879h-6.868V57.48h16.578v5.4079h-6.867v15.9449h-2.843zM254.569 76.993c-1.502-1.3381-2.253-3.4009-2.2-6.0769h4.668c0 1.115.322 2.007.966 2.5645.644.6133 1.609.892 2.79.892.965 0 1.77-.1672 2.36-.5017.59-.3345.859-.8363.859-1.5611 0-.5575-.269-1.0035-.859-1.2265-.59-.2787-1.18-.446-1.717-.5575-.59-.1115-.912-.1673-1.073-.1673-1.448-.2787-2.736-.669-3.809-1.0592-1.073-.4461-1.931-1.0593-2.682-1.9513-.698-.8921-1.073-2.0071-1.073-3.4566 0-1.3938.375-2.6204 1.073-3.6239.697-1.0035 1.663-1.7283 2.897-2.23 1.18-.5018 2.521-.7248 3.97-.7248 1.717 0 3.219.3345 4.507 1.0035 1.287.669 2.253 1.6726 2.95 3.0663.376.6691.591 1.2823.644 1.8956.054.6133.107 1.1708.107 1.784h-4.667c0-1.0592-.268-1.8398-.805-2.3415-.536-.5018-1.395-.7805-2.575-.7805-.912 0-1.663.1672-2.146.5017-.537.3345-.751.7805-.751 1.3381 0 .6132.322 1.115 1.019 1.3937.698.2788 1.556.5576 2.575.7806 1.717.3345 3.058.669 4.024 1.0035.966.3345 1.771.892 2.468 1.7283.698.8363 1.073 2.007 1.073 3.5123 0 1.3938-.375 2.6204-1.127 3.6796-.751 1.0036-1.77 1.7841-3.004 2.3416-1.234.5575-2.575.8363-4.024.8363-2.843-.0558-4.936-.7248-6.438-2.0628zM251.618 78.8328H232.68l9.496-21.3528 9.442 21.3528zM232.734 70.6931c0 2.6203-.698 4.6273-2.146 6.1326C229.139 78.2753 227.1 79 224.579 79c-1.502 0-2.897-.3345-4.185-1.0592-1.288-.7248-2.307-1.7283-3.058-3.0664-.751-1.338-1.127-2.8433-1.127-4.5716v-4.3486c0-1.6726.376-3.1779 1.073-4.5159.698-1.3381 1.717-2.3416 2.951-3.0664 1.234-.7247 2.683-1.115 4.238-1.115 2.576 0 4.561.7248 6.009 2.1743 1.449 1.4496 2.2 3.5124 2.2 6.1327h-5.204c0-1.0035-.268-1.7841-.805-2.3416-.483-.5575-1.234-.8362-2.253-.8362-.859 0-1.61.2787-2.2.892-.59.5575-.858 1.3938-.858 2.4531v4.9061c0 1.0593.322 1.8956.912 2.4531.59.6132 1.341.892 2.253.892 2.039 0 3.005-1.0593 3.005-3.2336h5.204v-.0557zM197.646 78.8328V57.48h7.619c1.502 0 2.897.3902 4.131 1.1707 1.287.7806 2.253 1.8399 3.004 3.1221.751 1.3381 1.127 2.7319 1.127 4.2929v4.1256c0 1.5611-.376 3.0106-1.127 4.2929-.751 1.3381-1.77 2.3416-3.004 3.1221-1.288.7805-2.629 1.1708-4.131 1.1708h-7.619v.0557zM180.318 61.6055c.751-1.338 1.716-2.3415 3.004-3.122 1.288-.7806 2.629-1.1708 4.131-1.1708 1.502 0 2.897.3902 4.131 1.1708 1.288.7805 2.253 1.8398 3.005 3.122.751 1.3381 1.126 2.7319 1.126 4.2929V70.47c0 1.5611-.375 2.9549-1.126 4.2929-.752 1.338-1.717 2.3416-3.005 3.1221-1.287.7805-2.629 1.1708-4.131 1.1708-1.502 0-2.897-.3903-4.131-1.1708-1.288-.7805-2.253-1.8398-3.004-3.1221-.751-1.338-1.127-2.7318-1.127-4.2929v-4.5716c.054-1.561.429-3.0106 1.127-4.2929zm4.935 11.2619c.591.669 1.288 1.0035 2.2 1.0035.912 0 1.61-.3345 2.2-1.0035.59-.6691.858-1.5053.858-2.4531v-4.5716c0-.9478-.268-1.7841-.858-2.4531s-1.288-1.0035-2.2-1.0035c-.912 0-1.663.3345-2.2 1.0035-.59.669-.858 1.4495-.858 2.4531v4.5716c0 .9478.322 1.784.858 2.4531zM161.916 78.8328V57.48h8.584c1.448 0 2.682.2787 3.701.8362 1.181.6133 2.146 1.5611 2.844 2.7319.697 1.1707 1.073 2.453 1.073 3.9026 0 1.4495-.376 2.7318-1.073 3.9026-.698 1.1708-1.663 2.1185-2.844 2.7318-1.019.5575-2.253.8363-3.755.8363h-3.219v6.4672h-5.311v-.0558zM288.047 32.113h14.968v5.4079h-9.603v2.6761h7.94v5.1291h-7.94v2.7318h9.603v5.4079h-14.968V32.113zM266.748 53.4658V32.113h7.618c1.502 0 2.897.3903 4.131 1.1708 1.288.7805 2.253 1.8398 3.005 3.1221.751 1.338 1.126 2.7318 1.126 4.2928v4.1256c0 1.5611-.375 3.0106-1.126 4.2929-.752 1.3381-1.771 2.3416-3.005 3.1221-1.288.7805-2.629 1.1708-4.131 1.1708h-7.618v.0557zM242.069 53.4658H223.13l9.496-21.3528 9.443 21.3528zM205.426 51.626c-1.502-1.3381-2.254-3.4009-2.2-6.077h4.668c0 1.1151.322 2.0071.965 2.5646.644.6133 1.61.892 2.79.892.966 0 1.771-.1672 2.361-.5017.59-.3345.858-.8363.858-1.5611 0-.5575-.268-1.0035-.858-1.2265-.59-.2788-1.18-.446-1.717-.5575-.59-.1115-.912-.1673-1.073-.1673-1.449-.2787-2.736-.669-3.809-1.0592-1.073-.4461-1.932-1.0593-2.683-1.9513-.697-.8921-1.073-2.0071-1.073-3.4566 0-1.3938.376-2.6204 1.073-3.6239.698-1.0035 1.664-1.7283 2.897-2.23 1.181-.5018 2.522-.7248 3.971-.7248 1.716 0 3.219.3345 4.506 1.0035 1.288.669 2.253 1.6726 2.951 3.0664.375.669.59 1.2822.644 1.8955.053.6133.107 1.1708.107 1.784h-4.668c0-1.0592-.268-1.8398-.804-2.3415-.537-.5018-1.395-.7805-2.575-.7805-.913 0-1.664.1672-2.146.5017-.537.3345-.752.7806-.752 1.3381 0 .6132.322 1.115 1.02 1.3938.697.2787 1.556.5575 2.575.7805 1.717.3345 3.058.669 4.024 1.0035.965.3345 1.77.892 2.468 1.7283.697.8363 1.073 2.007 1.073 3.5123 0 1.3938-.376 2.6204-1.127 3.6796-.751 1.0036-1.77 1.7841-3.004 2.3416-1.234.5575-2.576.8363-4.024.8363-2.844 0-4.99-.7248-6.438-2.0628zM200.114 53.4658h-18.938l9.496-21.3528 9.442 21.3528zM178.279 45.3261c0 2.6204-.698 4.6274-2.146 6.1327-1.449 1.4496-3.487 2.1743-6.009 2.1743-1.502 0-2.897-.3345-4.185-1.0592-1.287-.7248-2.307-1.7283-3.058-3.0664-.751-1.338-1.126-2.8433-1.126-4.5716v-4.3487c0-1.6725.375-3.1778 1.073-4.5158.697-1.3381 1.716-2.3416 2.95-3.0664 1.234-.7248 2.683-1.115 4.239-1.115 2.575 0 4.56.7248 6.009 2.1743 1.448 1.4495 2.199 3.5124 2.199 6.1327h-5.204c0-1.0035-.268-1.7841-.805-2.3416-.482-.5575-1.234-.8363-2.253-.8363-.858 0-1.609.2788-2.2.8921-.59.5575-.858 1.3938-.858 2.453v4.9062c0 1.0593.322 1.8955.912 2.4531.59.6132 1.341.892 2.253.892 2.039 0 3.005-1.0593 3.005-3.2336h5.204v-.0558zM305 29.7714h-18.938l9.496-21.35285L305 29.7714zM268.411 27.9316c-1.502-1.3381-2.2-3.4009-2.2-6.0769h4.614c0 1.115.322 2.007.966 2.5645.644.6133 1.609.8921 2.79.8921.965 0 1.77-.1673 2.307-.5018.59-.3345.858-.8363.858-1.5611 0-.5575-.268-1.0035-.858-1.2265-.591-.2787-1.127-.446-1.717-.5575-.59-.1115-.912-.1673-1.073-.1673-1.449-.2787-2.736-.669-3.809-1.0592-1.073-.4461-1.932-1.0593-2.683-1.9513-.697-.8921-1.073-2.0071-1.073-3.4566 0-1.4496.376-2.6204 1.073-3.6239.698-1.0035 1.663-1.7283 2.897-2.23006 1.18-.50177 2.522-.72477 3.917-.72477 1.716 0 3.219.33451 4.506 1.00353 1.288.66901 2.254 1.6725 2.951 3.0663.376.6691.59 1.2823.644 1.8956.053.6133.107 1.1708.107 1.784h-4.614c0-1.0592-.268-1.8398-.805-2.3415-.536-.5018-1.394-.7806-2.575-.7806-.912 0-1.663.1673-2.146.5018-.536.3345-.751.7805-.751 1.3381 0 .6132.322 1.115 1.019 1.3937.698.2788 1.556.5576 2.576.7806 1.717.3345 3.058.669 4.023 1.0035.966.3345 1.771.892 2.468 1.7283.698.8363 1.073 2.007 1.073 3.5123 0 1.3938-.375 2.6204-1.126 3.6796-.751 1.0036-1.771 1.7841-3.005 2.3416-1.234.5575-2.575.8363-4.023.8363-2.683-.0558-4.829-.7248-6.331-2.0628zM247.38 27.9316c-1.502-1.3381-2.2-3.4009-2.2-6.0769h4.614c0 1.115.322 2.007.966 2.5645.644.6133 1.61.8921 2.79.8921.965 0 1.77-.1673 2.307-.5018.59-.3345.858-.8363.858-1.5611 0-.5575-.268-1.0035-.858-1.2265-.59-.2787-1.127-.446-1.717-.5575-.59-.1115-.912-.1673-1.073-.1673-1.449-.2787-2.736-.669-3.809-1.0592-1.073-.4461-1.932-1.0593-2.683-1.9513-.697-.8921-1.073-2.0071-1.073-3.4566 0-1.4496.376-2.6204 1.073-3.6239.698-1.0035 1.663-1.7283 2.897-2.23006 1.181-.50177 2.522-.72477 3.917-.72477 1.717 0 3.219.33451 4.506 1.00353 1.288.66901 2.254 1.6725 2.951 3.0663.376.6691.59 1.2823.644 1.8956.054.6133.107 1.1708.107 1.784h-4.614c0-1.0592-.268-1.8398-.804-2.3415-.537-.5018-1.395-.7806-2.576-.7806-.912 0-1.663.1673-2.146.5018-.536.3345-.751.7805-.751 1.3381 0 .6132.322 1.115 1.02 1.3937.697.2788 1.556.5576 2.575.7806 1.717.3345 3.058.669 4.024 1.0035.965.3345 1.77.892 2.467 1.7283.698.8363 1.073 2.007 1.073 3.5123 0 1.3938-.375 2.6204-1.126 3.6796-.751 1.0036-1.771 1.7841-3.005 2.3416-1.233.5575-2.575.8363-4.023.8363-2.736-.0558-4.829-.7248-6.331-2.0628zM225.383 12.5441c.752-1.338 1.717-2.3415 3.005-3.12205 1.288-.78052 2.629-1.17078 4.131-1.17078 1.502 0 2.897.39026 4.131 1.17078 1.288.78055 2.253 1.83985 3.005 3.12205.751 1.3381 1.126 2.7319 1.126 4.2929v4.5716c0 1.5611-.375 2.9549-1.126 4.2929-.752 1.3381-1.717 2.3416-3.005 3.1221-1.288.7805-2.629 1.1708-4.131 1.1708-1.502 0-2.897-.3903-4.131-1.1708-1.288-.7805-2.253-1.8398-3.005-3.1221-.751-1.338-1.126-2.7318-1.126-4.2929V16.837c.053-1.561.375-2.9548 1.126-4.2929zm4.936 11.2619c.59.669 1.288 1.0035 2.2 1.0035.912 0 1.61-.3345 2.2-1.0035.59-.6691.858-1.5053.858-2.3974V16.837c0-.9478-.268-1.784-.858-2.3973-.59-.669-1.288-.9478-2.2-.9478-.912 0-1.663.3345-2.2.9478-.59.669-.858 1.4495-.858 2.3973v4.5716c0 .8921.268 1.7283.858 2.3974zM203.602 29.7714V8.41855h1.126L217.443 22.914V8.41855h2.683V29.7714h-16.524zM179.459 29.7232h-18.938l9.496-21.35287 9.442 21.35287zM7.61829 0H0v79h7.61829V0zM19.0457 0h-7.6183v79h7.6183V0zM30.4195 15.7777h-7.6183V79h7.6183V15.7777zM41.847 39.5279h-7.6184v39.5279h7.6184V39.5279zM53.2207 55.3055h-7.6183V79h7.6183V55.3055zM64.6481 0h-7.6183v79h7.6183V0zM76.0757 23.6944h-7.6182v55.3057h7.6182V23.6944zM87.4494 15.7777h-7.6183V79h7.6183V15.7777zM98.877 7.91669h-7.6184V79.0557h7.6184V7.91669zM110.251 0h-7.619v55.3056h7.619V0zM121.678 7.91669h-7.618V79.0557h7.618V7.91669zM133.106 15.7777h-7.619V79h7.619V15.7777zM144.479 23.6944h-7.618v55.3057h7.618V23.6944z"
                fill="currentColor"
              />
            </svg>
          </div>
          <div
            class="c6"
          >
            <svg
              aria-label="A Nossa Casa de Podcasts"
              fill="none"
              role="img"
              viewBox="0 0 73 81"
              xmlns="http://www.w3.org/2000/svg"
            >
              <g
                class="symbol"
              >
                <path
                  d="M66.9573 7.65424h-3.8222V38.2613h3.8222V7.65424zM3.82219 0H0v38.2613h3.82219V0zM9.56532 0H5.74313v38.2613h3.82219V0zM15.2986 7.65424h-3.8222V38.2613h3.8222V7.65424zM21.0417 19.1306h-3.8222v19.1307h3.8222V19.1306zM26.7849 26.7849h-3.8222v11.4764h3.8222V26.7849zM32.5182 0H28.696v38.2613h3.8222V0zM38.2613 11.4764h-3.8222v26.7849h3.8222V11.4764zM43.9946 7.65424h-3.8222V38.2613h3.8222V7.65424zM49.7377 3.82219h-3.8222V38.2613h3.8222V3.82219zM55.4809 0h-3.8222v26.7849h3.8222V0zM61.2141 3.82219h-3.8222V38.2613h3.8222V3.82219zM72.7004 11.4764h-3.8222v26.7849h3.8222V11.4764z"
                  fill="currentColor"
                />
              </g>
              <g
                class="logotype"
              >
                <path
                  d="M64.8295 79.1134c-.3942-.3784-.6987-.8402-.8913-1.3516-.1926-.5113-.2684-1.0593-.2219-1.6037h2.3445c-.0208.2316.0119.4649.0956.6818.0837.2169.2162.4117.3871.5693.4101.3068.9178.4539 1.4284.4137.4043.0192.807-.0621 1.1723-.2364.135-.0718.2472-.18.3238-.3123.0767-.1323.1146-.2835.1096-.4364.0014-.1347-.0412-.2661-.1211-.3745-.08-.1084-.1931-.1879-.3222-.2264-.2768-.1243-.568-.2136-.8668-.2659l-.532-.0986c-.6482-.1162-1.2846-.2909-1.9012-.5221-.5296-.2022-.9956-.5423-1.3496-.9851-.3793-.4694-.5722-1.0621-.5418-1.6648-.0202-.6286.1705-1.2458.5418-1.7535.3782-.4604.8758-.808 1.4382-1.0048.6286-.2409 1.297-.3612 1.9702-.3546.7798-.0226 1.5536.1429 2.2559.4827.6418.3266 1.1679.8424 1.5072 1.4776.164.2792.2743.5866.3251.9063.0386.2841.0584.5704.0591.8571h-2.3249c.0181-.2099-.0105-.4213-.0838-.6188-.0732-.1976-.1892-.3765-.3397-.5239-.381-.2789-.8494-.4118-1.3201-.3744-.3768-.0177-.7514.0674-1.0836.2463-.1167.0662-.2137.1622-.2812.2781-.0675.116-.103.2478-.103.3819.0009.1522.0514.2999.1438.4208.0925.1209.2218.2084.3685.2491.4209.1695.8561.3014 1.3003.394.6824.1237 1.3568.2882 2.0195.4926.4859.1591.9187.4488 1.251.8373.4026.4884.6035 1.1121.5615 1.7436.0178.639-.1839 1.2648-.5713 1.7732-.3952.509-.9188.9034-1.5171 1.1427-.6424.2685-1.333.4026-2.0293.3941-1.1583.0622-2.2986-.3063-3.2015-1.0344zM58.4657 80v-7.7133H55.008v-2.6204h8.3438v2.6204h-3.4577V80h-1.4284zM47.2848 79.1134c-.3941-.3784-.6986-.8402-.8912-1.3516-.1927-.5113-.2685-1.0593-.222-1.6037h2.3347c-.0188.2323.0158.4658.1012.6827.0854.2168.2193.4113.3914.5684.4114.3117.9241.4592 1.4382.4137.4076.0204.8138-.0609 1.1822-.2364.1339-.0722.2447-.1808.3197-.3133.0749-.1324.1109-.2833.1038-.4354.002-.1334-.0391-.264-.1172-.3722-.078-.1082-.1889-.1884-.3162-.2287-.2773-.123-.5683-.2123-.8669-.2659l-.5024-.1183c-.6702-.1-1.3297-.2615-1.9702-.4827-.5253-.205-.9874-.5448-1.3397-.9851-.382-.4684-.5783-1.0609-.5517-1.6648-.0173-.6297.1769-1.2471.5517-1.7535.3875-.4724.8993-.8272 1.4776-1.0245.6293-.2386 1.2972-.3589 1.9702-.3546.7796-.0199 1.5528.1455 2.2559.4827.6558.3163 1.1964.8295 1.5466 1.4678.1709.2768.2847.5849.3349.9063.0387.2841.0584.5704.0592.857h-2.3643c.0173-.209-.0107-.4193-.0821-.6165-.0714-.1972-.1845-.3767-.3316-.5262-.3743-.2686-.831-.3976-1.2905-.3645-.3769-.0177-.7515.0674-1.0836.2463-.1192.0641-.2188.1594-.2882.2756-.0694.1162-.106.2491-.1059.3844.0031.1531.0556.301.1497.4217.0941.1208.2248.2078.3724.2482.421.1695.8561.3014 1.3004.394.6655.1268 1.3233.2912 1.9702.4926.4859.1591.9187.4488 1.2511.8373.4061.4869.6105 1.1108.5713 1.7436.0149.6402-.1903 1.2661-.5812 1.7732-.3914.5086-.9118.9032-1.5072 1.1427-.6428.2674-1.3332.4014-2.0293.3941-1.1718.074-2.3287-.2952-3.241-1.0344zM45.8466 80h-9.5358l4.7679-10.3337L45.8466 80zM36.3206 76.0695c.0365.541-.0412 1.0836-.2278 1.5927-.1867.5091-.4783.9733-.8558 1.3626-.4088.3682-.8866.6518-1.4057.8344-.519.1826-1.0691.2606-1.6185.2295-.7385.0051-1.4665-.1744-2.118-.5221-.6334-.3408-1.1614-.8484-1.5269-1.4678-.3902-.6828-.5845-1.46-.5615-2.2461v-2.0785c-.0093-.7658.1844-1.5204.5615-2.187.3521-.6246.8704-1.1395 1.4974-1.4875.6502-.3509 1.3791-.5306 2.1179-.5221.548-.0332 1.0972.0419 1.6161.2211.5189.1792.9975.4589 1.4082.8232.3775.39.6704.8538.8603 1.3624.1898.5085.2726 1.0508.243 1.5929h-2.6204c.0147-.4183-.1296-.8266-.4039-1.1428-.1491-.1412-.3259-.25-.5192-.3195-.1933-.0695-.3988-.0982-.6038-.0844-.2029-.0068-.4051.0272-.5946.1-.1895.0727-.3625.1828-.5087.3236-.1501.1564-.2661.3421-.3407.5456-.0746.2035-.1062.4202-.0927.6366v2.3642c-.0125.2134.0197.427.0945.6272.0747.2002.1905.3826.3397.5356.1493.1529.3288.2731.5271.3527.1983.0797.4111.1171.6247.1099.21.0273.4235.0052.6235-.0647.2-.0698.3809-.1854.5282-.3376.1474-.1521.2572-.3366.3206-.5387.0634-.2021.0787-.4162.0447-.6253l2.5908.0099zM18.7169 80V69.6663h3.8419c.7281.0028 1.4423.2001 2.0687.5714.6278.3667 1.1503.8893 1.5171 1.517.3683.6474.5522 1.3833.5319 2.1278v1.9702c.0059.7311-.1883 1.4499-.5615 2.0786-.3609.6197-.8726 1.1382-1.4875 1.5072-.6329.3717-1.3544.5657-2.0884.5615h-3.8222zM9.96922 71.6562c.36268-.6301.88178-1.1561 1.50718-1.5269.6366-.3618 1.3562-.5521 2.0884-.5521s1.4519.1903 2.0884.5521c.6254.3708 1.1446.8968 1.5073 1.5269.3752.6283.5727 1.3467.5713 2.0786v2.2066c.0044.7309-.1897 1.4493-.5615 2.0786-.363.6273-.8822 1.15-1.5072 1.517-.6346.3676-1.355.5611-2.0884.5611s-1.4538-.1935-2.0884-.5611c-.625-.367-1.1443-.8897-1.50723-1.517-.3718-.6293-.56586-1.3477-.56151-2.0786v-2.2066c-.00734-.73.18331-1.4483.55166-2.0786zm2.48248 5.4575c.1403.1544.3114.2779.5023.3623.1908.0845.3972.1281.6059.1281s.4151-.0436.606-.1281c.1908-.0844.3619-.2079.5022-.3623.2861-.3228.4407-.7411.4335-1.1723v-2.2263c.0102-.4317-.1449-.8511-.4335-1.1723-.1434-.1493-.3154-.2681-.5059-.3492-.1904-.0811-.3953-.1229-.6023-.1229-.207 0-.4119.0418-.6023.1229-.1904.0811-.3625.1999-.5059.3492-.2931.3185-.4488.7397-.4335 1.1723v2.2263c-.0122.432.1431.8521.4335 1.1723zM.679718 80V69.6663H5.00431c.64704-.0151 1.28844.1234 1.87169.4039.59013.2971 1.08755.7502 1.43824 1.3102.35905.562.55041 1.2147.55166 1.8815.00337.6634-.17736 1.3148-.5221 1.8816-.3473.5712-.8494 1.0323-1.4481 1.3298-.58658.2802-1.23185.4153-1.88154.3941H3.38874V80H.679718zM64.1694 57.3919h7.5262v2.6106h-4.827v1.3101h4.0586v2.4825h-4.0586v1.32h4.827v2.6105h-7.5262V57.3919zM53.4614 67.7256V57.3919h3.8419c.7358-.0082 1.4593.1897 2.0884.5714.63.3639 1.1532.8871 1.5171 1.5171.373.6323.5671 1.3542.5615 2.0884v1.9702c.0058.7311-.1884 1.4498-.5615 2.0785-.3637.6328-.8867 1.1592-1.5171 1.5269-.6329.3717-1.3544.5657-2.0884.5615l-3.8419.0197zM41.0393 67.7257h-9.5161l4.7679-10.3338 4.7482 10.3338zM22.5785 66.8391c-.3929-.379-.696-.8411-.8869-1.3525-.191-.5114-.2649-1.0591-.2164-1.6028h2.3347c-.0208.2315.0119.4648.0956.6817.0837.217.2161.4117.3871.5693.4034.3058.9035.4562 1.4087.4236.4042.0191.807-.0621 1.1722-.2364.1351-.0718.2473-.18.3239-.3123.0766-.1324.1146-.2835.1096-.4364.0019-.1334-.0392-.264-.1172-.3722-.0781-.1082-.189-.1884-.3163-.2287-.2802-.1244-.5746-.2137-.8767-.266l-.5221-.0985c-.6517-.115-1.2915-.2897-1.9111-.5221-.5208-.1947-.9846-.5164-1.3496-.9358-.3769-.4668-.5697-1.0556-.5418-1.655-.0202-.6286.1706-1.2458.5418-1.7535.3651-.4879.8601-.8634 1.4284-1.0836.6293-.2386 1.2972-.3589 1.9702-.3546.7796-.02 1.5527.1455 2.2559.4827.6371.3298 1.1592.845 1.4973 1.4776.1641.2792.2743.5866.3251.9063.0386.2841.0584.5704.0591.8571h-2.2854c.0173-.209-.0107-.4193-.0821-.6166-.0714-.1972-.1846-.3766-.3317-.5261-.3743-.2687-.8309-.3977-1.2904-.3645-.3807-.0255-.7605.06-1.0935.2462-.1174.0655-.215.1613-.2826.2774-.0676.1161-.1027.2483-.1016.3827.0009.1521.0514.2999.1438.4208.0925.1209.2218.2083.3685.249.4238.1708.8624.3027 1.3102.3941.6656.1262 1.3234.2906 1.9702.4925.487.1568.9204.4469 1.251.8374.3802.4798.5697 1.0833.532 1.6943.0169.6389-.1847 1.2644-.5714 1.7732-.3963.5036-.9152.8971-1.5072 1.1427-.6444.2618-1.3337.3957-2.0293.3941-1.1417.066-2.2686-.284-3.172-.9851zM19.9187 67.7257h-9.5259l4.7679-10.3338 4.758 10.3338zM8.92502 63.7951c.03217.5406-.04746 1.0821-.2339 1.5906-.18644.5084-.4757.973-.84971 1.3647-.41068.3685-.89015.6523-1.41086.8348-.5207.1826-1.07236.2605-1.62325.2291-.73533.0051-1.46018-.1744-2.10812-.5221-.63289-.3458-1.16048-.8564-1.5269-1.4776-.382286-.6717-.576272-1.434-.561514-2.2067v-2.1081c-.015328-.764.171588-1.5184.541814-2.1869.34565-.6262.86131-1.1418 1.48749-1.4875.65155-.3568 1.38514-.5368 2.12782-.5221 1.10613-.0628 2.19252.3123 3.02426 1.0442.37755.39.67043.8539.86029 1.3624.18986.5086.2726 1.0509.24302 1.5929H6.28495c.02235-.4113-.11134-.8159-.37434-1.1329-.14811-.1427-.32474-.2525-.51829-.3221-.19355-.0696-.39964-.0975-.60472-.0818-.20208-.007-.40356.026-.59289.097-.18933.071-.36279.1786-.51044.3168-.14939.1588-.26486.3464-.33939.5514-.07452.2049-.10652.4229-.09405.6406v2.3642c-.01355.2195.01988.4393.09802.6449.07814.2055.1992.392.35513.5471.30283.2864.70627.4421 1.12302.4334.21038.0269.42413.0045.62439-.0653s.38157-.1852.52961-.3371c.14805-.1519.2588-.3361.32351-.538.06471-.202.08162-.4163.0494-.6259h2.57111zM72.7004 56.2492h-9.5358l4.8073-10.3337 4.7285 10.3337zM54.2987 55.3528c-.397-.3763-.7035-.8378-.8963-1.3497-.1928-.5119-.2669-1.0609-.2168-1.6056h2.3347c-.0208.2301.012.4619.0957.6772.0838.2154.2162.4084.387.564.4021.3093.9022.4632 1.4086.4335.4052.0164.8081-.0682 1.1723-.2463.134-.0722.2448-.1808.3198-.3133.0749-.1324.1109-.2834.1038-.4354.002-.1334-.0391-.264-.1172-.3722-.0781-.1083-.189-.1885-.3162-.2287-.2806-.1141-.5707-.2031-.8669-.266l-.5714-.0689c-.6472-.1208-1.2831-.2955-1.9012-.5221-.5189-.1984-.982-.5195-1.3496-.9359-.3752-.4716-.5676-1.0627-.5418-1.6648 0-.6258.204-1.2344.5812-1.7338.3762-.4893.8809-.8645 1.4579-1.0836.6289-.24 1.2971-.3603 1.9702-.3546.7793-.0166 1.5517.1486 2.2559.4827.6251.3268 1.1368.835 1.4678 1.4579.1682.2772.2787.5855.3251.9063.0386.2841.0584.5704.0591.8571h-2.2953c.0173-.2091-.0107-.4194-.0821-.6166-.0714-.1972-.1845-.3767-.3316-.5262-.3743-.2686-.8309-.3976-1.2905-.3644-.3769-.0178-.7514.0673-1.0836.2462-.1167.0662-.2137.1622-.2812.2782-.0675.1159-.103.2477-.103.3818.0009.1522.0514.3.1438.4209.0925.1209.2218.2083.3685.249.4197.1705.8553.2992 1.3003.3842.6655.1309 1.3232.2987 1.9702.5024.4888.1589.9249.4484 1.2609.8373.3744.4787.5601 1.0781.5221 1.6846.0177.6389-.1839 1.2647-.5713 1.7731-.3915.5086-.9119.9032-1.5072 1.1428-.6439.2637-1.3336.3976-2.0293.394-1.1357.0666-2.2567-.2837-3.1524-.9851zM43.6991 55.3528c-.3936-.3785-.697-.8406-.888-1.3521-.1909-.5115-.2646-1.0594-.2154-1.6032h2.3249c-.0188.2308.0159.4629.1013.6781.0854.2153.2193.408.3912.5631.3987.3086.8956.4626 1.3989.4335.4052.0177.8084-.067 1.1722-.2463.1351-.0718.2473-.18.3239-.3123.0766-.1324.1146-.2835.1096-.4364.0004-.1331-.0413-.2629-.1192-.3708-.0778-.108-.1878-.1885-.3143-.2301-.2805-.1141-.5706-.2031-.8668-.266l-.532-.0886c-.6475-.1196-1.2835-.2942-1.9012-.5221-.5146-.1917-.9745-.5062-1.3398-.9162-.3792-.4694-.5721-1.0621-.5418-1.6648-.0158-.6219.1748-1.2315.5418-1.7338.3762-.4893.8809-.8645 1.458-1.0836.6286-.2409 1.297-.3612 1.9702-.3546.7791-.0156 1.5513.1497 2.2558.4827.6371.3297 1.1592.845 1.4974 1.4776.164.2792.2743.5866.3251.9063.0386.2841.0584.5704.0591.8571h-2.3347c.0173-.2091-.0107-.4194-.0821-.6166-.0714-.1972-.1845-.3767-.3316-.5262-.3744-.2686-.831-.3976-1.2905-.3644-.3769-.0178-.7515.0673-1.0836.2462-.1192.0642-.2188.1594-.2882.2756-.0694.1162-.106.2491-.1059.3845.0031.153.0556.3009.1497.4217.0941.1207.2248.2078.3724.2481.4198.1705.8553.2992 1.3004.3842.6649.1333 1.3226.301 1.9702.5024.4859.1591.9187.4488 1.251.8373.3821.4751.572 1.0762.532 1.6846.0177.6389-.1839 1.2647-.5714 1.7732-.3937.5062-.9134.9002-1.5072 1.1427-.6441.2627-1.3336.3966-2.0293.394-1.1414.0626-2.2662-.2949-3.1621-1.0048zM32.6364 47.9054c.3639-.63.887-1.1532 1.517-1.517.6328-.3677 1.3517-.5614 2.0835-.5614.7319 0 1.4507.1937 2.0835.5614.625.367 1.1443.8897 1.5072 1.517.3718.6293.5659 1.3477.5615 2.0786v2.2263c.0044.7309-.1897 1.4493-.5615 2.0786-.3629.6273-.8822 1.15-1.5072 1.517-.6328.3677-1.3516.5614-2.0835.5614-.7318 0-1.4507-.1937-2.0835-.5614-.6315-.3634-1.1555-.8875-1.5188-1.519-.3634-.6315-.5531-1.348-.5499-2.0766V49.984c-.003-.7294.1874-1.4466.5517-2.0786zm2.4824 5.4575c.1396.1562.3114.2802.5036.3635.1922.0834.4002.124.6096.1192.208.0047.4144-.036.605-.1194s.3606-.2074.4983-.3633c.2875-.3258.4422-.7477.4335-1.1821v-2.2165c.0101-.4317-.1449-.851-.4335-1.1723-.1381-.1547-.3085-.2772-.4992-.3589-.1906-.0817-.3968-.1206-.6041-.1139-.2088-.0068-.4165.032-.6087.1137-.1922.0817-.3644.2042-.5045.3591-.2885.3213-.4436.7406-.4334 1.1723v2.246c-.0014.4243.1528.8344.4334 1.1526zM21.6722 56.2492V45.9155h.5812l6.4032 7.0238v-7.0238h1.3594v10.3337h-8.3438zM9.53577 56.2492H0l4.76789-10.3337 4.76788 10.3337z"
                  fill="currentColor"
                />
              </g>
            </svg>
          </div>
        </div>
      </div>
    </div>
    <div
      aria-labelledby="list-links"
      class="c2"
    >
      <h2
        class="c7 c8"
        color="white"
      >
        Links
      </h2>
      <nav
        aria-labelledby="Lista de links"
      >
        <a
          href="/podcasts"
        >
          Podcasts da nossa casa
        </a>
        <a
          href="/livecasts"
        >
          Livecasts
        </a>
        <a
          href="/eventos"
        >
          Eventos
        </a>
        <a
          href="/#"
        >
          Textos
        </a>
        <a
          href="/#"
        >
          Parcerias
        </a>
        <a
          href="/#"
        >
          Contato
        </a>
      </nav>
    </div>
    <div
      aria-labelledby="social-media-and-contacts"
      class="c2"
    >
      <h2
        class="c7 c8"
        color="white"
      >
        Redes Sociais
      </h2>
      <nav
        id="social-media"
      >
        <a
          href="https://www.instagram.com/a-nossa-casa-de-podcasts"
          rel="noopenner, noreferrer"
          target="_blank"
        >
          <svg
            aria-hidden="true"
            aria-label="Instagram"
            class="c9"
            fill="currentColor"
            focusable="false"
            viewBox="0 0 24 24"
            xmlns="http://www.w3.org/2000/svg"
          >
            <path
              d="M11.999 7.377a4.623 4.623 0 100 9.248 4.623 4.623 0 000-9.248zm0 7.627a3.004 3.004 0 110-6.008 3.004 3.004 0 010 6.008z"
            />
            <circle
              cx="16.806"
              cy="7.207"
              r="1.078"
            />
            <path
              d="M20.533 6.111A4.605 4.605 0 0017.9 3.479a6.606 6.606 0 00-2.186-.42c-.963-.042-1.268-.054-3.71-.054s-2.755 0-3.71.054a6.554 6.554 0 00-2.184.42 4.6 4.6 0 00-2.633 2.632 6.585 6.585 0 00-.419 2.186c-.043.962-.056 1.267-.056 3.71 0 2.442 0 2.753.056 3.71.015.748.156 1.486.419 2.187a4.61 4.61 0 002.634 2.632 6.584 6.584 0 002.185.45c.963.042 1.268.055 3.71.055s2.755 0 3.71-.055a6.615 6.615 0 002.186-.419 4.613 4.613 0 002.633-2.633c.263-.7.404-1.438.419-2.186.043-.962.056-1.267.056-3.71s0-2.753-.056-3.71a6.581 6.581 0 00-.421-2.217zm-1.218 9.532a5.043 5.043 0 01-.311 1.688 2.987 2.987 0 01-1.712 1.711 4.985 4.985 0 01-1.67.311c-.95.044-1.218.055-3.654.055-2.438 0-2.687 0-3.655-.055a4.96 4.96 0 01-1.669-.311 2.985 2.985 0 01-1.719-1.711 5.08 5.08 0 01-.311-1.669c-.043-.95-.053-1.218-.053-3.654 0-2.437 0-2.686.053-3.655a5.038 5.038 0 01.311-1.687c.305-.789.93-1.41 1.719-1.712a5.01 5.01 0 011.669-.311c.951-.043 1.218-.055 3.655-.055s2.687 0 3.654.055a4.96 4.96 0 011.67.311 2.991 2.991 0 011.712 1.712 5.08 5.08 0 01.311 1.669c.043.951.054 1.218.054 3.655 0 2.436 0 2.698-.043 3.654h-.011z"
            />
          </svg>
        </a>
        <a
          href="https://www.youtube.com/a-nossa-casa-de-podcasts"
          rel="noopenner, noreferrer"
          target="_blank"
        >
          <svg
            aria-hidden="true"
            aria-label="YouTube"
            class="c9"
            fill="currentColor"
            focusable="false"
            viewBox="0 0 24 24"
            xmlns="http://www.w3.org/2000/svg"
          >
            <path
              d="M21.593 7.203a2.506 2.506 0 00-1.762-1.766C18.265 5.007 12 5 12 5s-6.264-.007-7.831.404a2.56 2.56 0 00-1.766 1.778c-.413 1.566-.417 4.814-.417 4.814s-.004 3.264.406 4.814c.23.857.905 1.534 1.763 1.765 1.582.43 7.83.437 7.83.437s6.265.007 7.831-.403a2.515 2.515 0 001.767-1.763c.414-1.565.417-4.812.417-4.812s.02-3.265-.407-4.831zM9.996 15.005l.005-6 5.207 3.005-5.212 2.995z"
            />
          </svg>
        </a>
        <a
          href="https://www.twitter.com/a-nossa-casa-de-podcasts"
          rel="noopenner, noreferrer"
          target="_blank"
        >
          <svg
            aria-hidden="true"
            aria-label="Twitter"
            class="c9"
            fill="currentColor"
            focusable="false"
            viewBox="0 0 24 24"
            xmlns="http://www.w3.org/2000/svg"
          >
            <path
              d="M19.633 7.997c.013.175.013.349.013.523 0 5.325-4.053 11.461-11.46 11.461-2.282 0-4.402-.661-6.186-1.809.324.037.636.05.973.05a8.07 8.07 0 005.001-1.721 4.036 4.036 0 01-3.767-2.793c.249.037.499.062.761.062.361 0 .724-.05 1.061-.137a4.027 4.027 0 01-3.23-3.953v-.05c.537.299 1.16.486 1.82.511a4.022 4.022 0 01-1.796-3.354c0-.748.199-1.434.548-2.032a11.457 11.457 0 008.306 4.215c-.062-.3-.1-.611-.1-.923a4.026 4.026 0 014.028-4.028c1.16 0 2.207.486 2.943 1.272a7.957 7.957 0 002.556-.973 4.02 4.02 0 01-1.771 2.22 8.073 8.073 0 002.319-.624 8.645 8.645 0 01-2.019 2.083z"
            />
          </svg>
        </a>
      </nav>
      <h2
        class="c7 c8"
        color="white"
      >
        Entre em contato
      </h2>
      <a
        href="tel:+55 (61) 9 9999-9999"
      >
        <span>
          +55 (61) 9 9999-9999
        </span>
      </a>
      <a
        href="mailto:contato@anossacasadepodcasts.bsb.br"
      >
        <span>
          contato@anossacasadepodcasts.bsb.br
        </span>
      </a>
    </div>
  </div>
</footer>
`
